             VMA              LMA     Size Align Out     In      Symbol
               0                0   400000     1 . = 0x0000000000400000
          400000           400000       40  4096 .text
          400000           400000        d     1         /var/home/dao/work/zilch-ng/build/amd64/qemu-amd64-q35/user/runtime/crt/amd64/start.o:(.text.start)
          400000           400000        0     1                 _start
          400010           400010        8    16         /var/home/dao/work/zilch-ng/build/amd64/qemu-amd64-q35/user/user/init/main.o:(.text.main)
          400010           400010        8     1                 main
          400020           400020        f    16         /var/home/dao/work/zilch-ng/build/amd64/qemu-amd64-q35/user/user/lib/libruntime/runtime.o:(.text.sys_user_exit)
          400020           400020        f     1                 sys_user_exit
          400030           400030       10    16         /var/home/dao/work/zilch-ng/build/amd64/qemu-amd64-q35/user/runtime/startup/process_entry.o:(.text.sys_user_entry)
          400030           400030       10     1                 sys_user_entry
               0                0       d8     8 .symtab
               0                0       d8     8         <internal>:(.symtab)
               0                0       21     1 .shstrtab
               0                0       21     1         <internal>:(.shstrtab)
               0                0       5d     1 .strtab
               0                0       5d     1         <internal>:(.strtab)
