             VMA              LMA     Size Align Out     In      Symbol
               0                0 41000000     1 . = 0x0000000041000000
        41000000         41000000       38  4096 .text
        41000000         41000000        c     4         /var/home/dao/work/zilch-ng/build/arm64/qemu-arm64-virt/user/runtime/crt/arm64/start.o:(.text.start)
        41000000         41000000        0     1                 $x
        41000000         41000000        0     1                 _start
        4100000c         4100000c        8     4         /var/home/dao/work/zilch-ng/build/arm64/qemu-arm64-virt/user/user/init/main.o:(.text.main)
        4100000c         4100000c        0     1                 $x
        4100000c         4100000c        8     1                 main
        41000014         41000014       14     4         /var/home/dao/work/zilch-ng/build/arm64/qemu-arm64-virt/user/user/lib/libruntime/runtime.o:(.text.sys_user_exit)
        41000014         41000014        0     1                 $x
        41000014         41000014       14     1                 sys_user_exit
        41000028         41000028       10     4         /var/home/dao/work/zilch-ng/build/arm64/qemu-arm64-virt/user/runtime/startup/process_entry.o:(.text.sys_user_entry)
        41000028         41000028        0     1                 $x
        41000028         41000028       10     1                 sys_user_entry
               0                0      138     8 .symtab
               0                0      138     8         <internal>:(.symtab)
               0                0       21     1 .shstrtab
               0                0       21     1         <internal>:(.shstrtab)
               0                0       69     1 .strtab
               0                0       69     1         <internal>:(.strtab)
